memguard: scope ds4-guard-633111 MemoryMax=84G swap=0 floor=4 GiB (avail 83 GiB)
ggml_cuda_init: found 1 CUDA devices (Total VRAM: 24080 MiB):
  Device 0: NVIDIA GeForce RTX 4090, compute capability 8.9, VMM: yes, VRAM: 24080 MiB
dense backend: CUDA0
glm5-next: 45 layers (34 KDA, 11 MLA), 288 experts top-8, vocab 154880; dense half loaded in 2.0 s
slots auto: 16.97 GiB free after the dense half -> 11.47 GiB of expert slots (margin 5.50 GiB)
prune: 3024 (layer, expert) pairs masked out of routing (bench/glm-2026-10-09/prune-ezct-0.25.txt)
tier: gpu, 1495 resident slots, arena 63.4 GiB (7580 experts), file tier 0; load 47.2 s
prefill 1024/2000 tokens | 166.8 tok/s | 6 s elapsed, ETA 6 s   prefill 2000/2000 tokens | 187.9 tok/s | 11 s elapsed, ETA 0 s   
grow_cache: 1495 -> 1974 slots (+479, 0 from the file tier) in 151 ms
prefill file-tier entries skipped: 41304
7077
12
16
12949
10875
320
41979
20
22247
decode 8/64 tokens | 8.21 tok/s   7208
1936
58303
77
340
262
51693
1014
decode 16/64 tokens | 8.81 tok/s   23125
353
282
8821
3268
70
1014
23125
decode 24/64 tokens | 9.11 tok/s   353
856
11
51693
1014
23125
353
289
decode 32/64 tokens | 9.44 tok/s   99366
11
51693
1014
23125
353
289
99366
decode 40/64 tokens | 9.58 tok/s   3712
4306
11
51693
1014
23125
353
289
decode 48/64 tokens | 9.60 tok/s   99366
3712
880
345
2549
51693
1014
23125
decode 56/64 tokens | 9.67 tok/s   353
289
99366
907
6215
4306
11

prefill: 2000 tokens in 11.26 s = 177.65 tok/s (chunked)
prefill chunks of 1024: attention+router 955 ms, experts 9404 ms, finish 190 ms, head/ppl 15 ms
decode : 64 tokens, 63 forward passes in 6.43 s = 9.80 tok/s
experts/token: hit 32.3% (prefetched-useful 38.4/token of 59.9 issued), cpu 35.1%, pcie 18.7%, file tier 81, skipped 46.8/token
tier moves: vram_lru swaps 0.00/pass (demoted 0), arena swaps 69 (admit rejects 0), file reads 9.04 ms/pass, file-tier skipped 1141
decode ms/token: predict+prefetch 2.49, attention+router 16.89, experts 78.84, finish 2.71, head 0.50
tier ms/token: wall 78.82 (gpu hits 10.07, pcie 35.52, cpu pool 67.91)
VRAM free at the end: 0.71 GiB
