memguard: scope ds4-guard-149764 MemoryMax=84G swap=0 floor=4 GiB (avail 83 GiB)
ggml_cuda_init: found 1 CUDA devices (Total VRAM: 24080 MiB):
  Device 0: NVIDIA GeForce RTX 4090, compute capability 8.9, VMM: yes, VRAM: 24080 MiB
dense backend: CUDA0
glm5-next: 45 layers (34 KDA, 11 MLA), 288 experts top-8, vocab 154880; dense half loaded in 1.5 s
slots auto: 17.16 GiB free after the dense half -> 16.16 GiB of expert slots (margin 1.00 GiB)
prune: 3024 (layer, expert) pairs masked out of routing (bench/glm-2026-10-09/prune-ezct-0.25.txt)
tier: gpu, 2101 resident slots, arena 58.7 GiB (6971 experts), file tier 0; load 32.9 s
ppl: 299 positions, mean NLL 2.46504, perplexity 11.7639
4938
4292
262
442
576
43405
374
12902
369
decode 8/32 tokens | 7.05 tok/s   279
7772
4771
320
74
25229
45
11206
decode 16/32 tokens | 7.33 tok/s   8
323
68244
369
9152
6174
320
20030
decode 24/32 tokens | 7.48 tok/s   525
12902
198
262
442
369
279

prefill: 300 tokens in 41.38 s = 7.25 tok/s (decode-loop prefill)
decode : 32 tokens, 31 forward passes in 4.10 s = 7.57 tok/s
experts/token: hit 34.4% (prefetched-useful 41.3/token of 59.8 issued), cpu 49.9%, pcie 15.7%, file tier 282, skipped 0.0/token
tier moves: vram_lru swaps 0.00/pass (demoted 0), arena swaps 211, file reads 43.44 ms/pass
decode ms/token: predict+prefetch 2.29, attention+router 13.82, experts 114.14, finish 1.17, head 0.50
tier ms/token: wall 114.12 (gpu hits 10.94, pcie 29.80, cpu pool 98.08)
VRAM free at the end: 0.39 GiB
