memguard: scope ds4-guard-256654 MemoryMax=84G swap=0 floor=4 GiB (avail 83 GiB)
ggml_cuda_init: found 1 CUDA devices (Total VRAM: 24080 MiB):
  Device 0: NVIDIA GeForce RTX 4090, compute capability 8.9, VMM: yes, VRAM: 24080 MiB
dense backend: CUDA0
glm5-next: 45 layers (34 KDA, 11 MLA), 288 experts top-8, vocab 154880; dense half loaded in 1.5 s
slots auto: 17.07 GiB free after the dense half -> 16.07 GiB of expert slots (margin 1.00 GiB)
prune: 3024 (layer, expert) pairs masked out of routing (bench/glm-2026-10-09/prune-ezct-0.25.txt)
tier: gpu, 2090 resident slots, arena 58.8 GiB (6982 experts), file tier 0; load 32.9 s
ppl: 299 positions, mean NLL 2.47319, perplexity 11.8603
4938
4292
262
442
576
9929
11577
3122
43405
decode 8/64 tokens | 7.04 tok/s   374
312
31964
7295
817
1618
320
1782
decode 16/64 tokens | 7.21 tok/s   38789
525
312
70424
817
1618
11
773
decode 24/64 tokens | 7.11 tok/s   279
5574
2973
525
198
262
442
312
decode 32/64 tokens | 7.00 tok/s   31964
7295
817
1618
568
576
16876
14
decode 40/64 tokens | 7.08 tok/s   12440
5574
2973
525
12902
3055
320
1782
decode 48/64 tokens | 7.11 tok/s   38789
525
3465
3055
4292
262
442
576
decode 56/64 tokens | 7.17 tok/s   9929
11577
3122
43405
374
12902
817

prefill: 300 tokens in 43.74 s = 6.86 tok/s (decode-loop prefill)
decode : 64 tokens, 63 forward passes in 8.74 s = 7.20 tok/s
experts/token: hit 34.1% (prefetched-useful 41.0/token of 59.9 issued), cpu 50.2%, pcie 15.6%, file tier 709, skipped 0.0/token
tier moves: vram_lru swaps 0.00/pass (demoted 0), arena swaps 134 (admit rejects 443), file reads 51.81 ms/pass, file-tier skipped 0
decode ms/token: predict+prefetch 2.25, attention+router 13.45, experts 120.97, finish 1.41, head 0.49
tier ms/token: wall 120.83 (gpu hits 10.83, pcie 29.62, cpu pool 102.82)
VRAM free at the end: 0.40 GiB
