memguard: scope ds4-guard-369524 MemoryMax=84G swap=0 floor=4 GiB (avail 81 GiB)
ggml_cuda_init: found 1 CUDA devices (Total VRAM: 24080 MiB):
  Device 0: NVIDIA GeForce RTX 4090, compute capability 8.9, VMM: yes, VRAM: 24080 MiB
dense backend: CUDA0
glm5-next: 45 layers (34 KDA, 11 MLA), 288 experts top-8, vocab 154880; dense half loaded in 1.5 s
slots auto: 17.09 GiB free after the dense half -> 16.09 GiB of expert slots (margin 1.00 GiB)
prune: 3024 (layer, expert) pairs masked out of routing (bench/glm-2026-10-09/prune-ezct-0.25.txt)
tier: gpu, 2092 resident slots, arena 58.8 GiB (6980 experts), file tier 0; load 33.4 s
ppl: 299 positions, mean NLL 2.42721, perplexity 11.3272
4938
4292
262
442
576
43405
374
312
31964
decode 8/64 tokens | 10.93 tok/s   7295
979
279
4771
374
312
51274
320
decode 16/64 tokens | 10.86 tok/s   72
1734
13
979
279
3950
1760
4344
decode 24/64 tokens | 10.82 tok/s   4292
262
1460
486
3215
27
14388
1014
decode 32/64 tokens | 10.83 tok/s   1889
4742
81
528
29
62206
42735
26
decode 40/64 tokens | 10.89 tok/s   256
442
508
6408
488
220
16
60
decode 48/64 tokens | 10.88 tok/s   320
4576
369
308
861
595
25229
45
decode 56/64 tokens | 10.84 tok/s   25
62206
36202
340
262
1460
486

prefill: 300 tokens in 27.60 s = 10.87 tok/s (decode-loop prefill)
decode : 64 tokens, 63 forward passes in 5.85 s = 10.77 tok/s
experts/token: hit 34.5% (prefetched-useful 39.4/token of 59.8 issued), cpu 44.5%, pcie 14.8%, file tier 0, skipped 20.6/token
decode ms/token: predict+prefetch 2.23, attention+router 13.57, experts 74.62, finish 1.41, head 0.49
tier ms/token: wall 74.61 (gpu hits 11.11, pcie 29.03, cpu pool 68.13)
VRAM free at the end: 0.39 GiB
