memguard: scope ds4-guard-342456 MemoryMax=84G swap=0 floor=4 GiB (avail 81 GiB)
ggml_cuda_init: found 1 CUDA devices (Total VRAM: 24080 MiB):
  Device 0: NVIDIA GeForce RTX 4090, compute capability 8.9, VMM: yes, VRAM: 24080 MiB
dense backend: CUDA0
glm5-next: 45 layers (34 KDA, 11 MLA), 288 experts top-8, vocab 154880; dense half loaded in 1.5 s
slots auto: 17.08 GiB free after the dense half -> 16.08 GiB of expert slots (margin 1.00 GiB)
prune: 3024 (layer, expert) pairs masked out of routing (bench/glm-2026-10-09/prune-ezct-0.25.txt)
tier: gpu, 2090 resident slots, arena 58.8 GiB (6982 experts), file tier 0; load 33.6 s
ppl: 299 positions, mean NLL 2.46798, perplexity 11.7986
4938
4292
262
442
576
9929
11577
3122
4147
decode 8/64 tokens | 8.76 tok/s   374
12902
369
279
7772
11873
1379
11
decode 16/64 tokens | 8.67 tok/s   323
312
31964
7295
421
264
9152
11873
decode 24/64 tokens | 8.72 tok/s   7951
1156
624
262
51693
1014
1889
4742
decode 32/64 tokens | 8.77 tok/s   81
528
62206
36202
284
6827
280
262
decode 40/64 tokens | 8.81 tok/s   526
2409
6317
7295
1089
284
481
16
decode 48/64 tokens | 8.85 tok/s   26
256
442
12902
369
419
308
320
decode 56/64 tokens | 8.85 tok/s   269
481
16
421
537
12902
340

prefill: 300 tokens in 34.36 s = 8.73 tok/s (decode-loop prefill)
decode : 64 tokens, 63 forward passes in 7.09 s = 8.89 tok/s
experts/token: hit 34.6% (prefetched-useful 41.3/token of 59.8 issued), cpu 48.5%, pcie 15.8%, file tier 198, skipped 3.6/token
tier moves: vram_lru swaps 0.00/pass (demoted 0), arena swaps 141 (admit rejects 0), file reads 17.14 ms/pass, file-tier skipped 224
decode ms/token: predict+prefetch 2.23, attention+router 13.55, experts 94.43, finish 1.58, head 0.49
tier ms/token: wall 94.41 (gpu hits 11.26, pcie 30.58, cpu pool 84.26)
VRAM free at the end: 0.41 GiB
