memguard: scope ds4-guard-327150 MemoryMax=84G swap=0 floor=4 GiB (avail 81 GiB)
ggml_cuda_init: found 1 CUDA devices (Total VRAM: 24080 MiB):
  Device 0: NVIDIA GeForce RTX 4090, compute capability 8.9, VMM: yes, VRAM: 24080 MiB
dense backend: CUDA0
glm5-next: 45 layers (34 KDA, 11 MLA), 288 experts top-8, vocab 154880; dense half loaded in 1.5 s
slots auto: 17.08 GiB free after the dense half -> 16.08 GiB of expert slots (margin 1.00 GiB)
prune: 3024 (layer, expert) pairs masked out of routing (bench/glm-2026-10-09/prune-ezct-0.25.txt)
tier: gpu, 2090 resident slots, arena 58.8 GiB (6982 experts), file tier 0; load 33.0 s
ppl: 299 positions, mean NLL 2.38964, perplexity 10.9095
4938
4292
262
442
576
9929
11577
3122
4147
decode 8/64 tokens | 9.96 tok/s   374
12902
369
279
7772
11873
1379
11
decode 16/64 tokens | 9.89 tok/s   323
312
31964
7295
421
264
9152
11873
decode 24/64 tokens | 9.89 tok/s   7951
1156
624
262
442
576
9929
11577
decode 32/64 tokens | 9.80 tok/s   3122
4147
374
12902
369
279
7772
11873
decode 40/64 tokens | 9.84 tok/s   1379
11
323
312
31964
7295
421
264
decode 48/64 tokens | 9.83 tok/s   9152
11873
7951
1156
624
262
442
576
decode 56/64 tokens | 9.89 tok/s   9929
11577
3122
4147
374
12902
369

prefill: 300 tokens in 31.86 s = 9.41 tok/s (decode-loop prefill)
decode : 64 tokens, 63 forward passes in 6.41 s = 9.82 tok/s
experts/token: hit 33.6% (prefetched-useful 39.4/token of 59.9 issued), cpu 46.3%, pcie 15.3%, file tier 77, skipped 16.2/token
tier moves: vram_lru swaps 0.00/pass (demoted 0), arena swaps 49 (admit rejects 0), file reads 7.92 ms/pass, file-tier skipped 1023
decode ms/token: predict+prefetch 2.20, attention+router 13.49, experts 83.86, finish 1.51, head 0.50
tier ms/token: wall 83.85 (gpu hits 11.26, pcie 30.01, cpu pool 75.99)
VRAM free at the end: 0.39 GiB
