memguard: scope ds4-guard-354158 MemoryMax=84G swap=0 floor=4 GiB (avail 81 GiB)
ggml_cuda_init: found 1 CUDA devices (Total VRAM: 24080 MiB):
  Device 0: NVIDIA GeForce RTX 4090, compute capability 8.9, VMM: yes, VRAM: 24080 MiB
dense backend: CUDA0
glm5-next: 45 layers (34 KDA, 11 MLA), 288 experts top-8, vocab 154880; dense half loaded in 1.6 s
slots auto: 17.10 GiB free after the dense half -> 16.10 GiB of expert slots (margin 1.00 GiB)
prune: 3024 (layer, expert) pairs masked out of routing (bench/glm-2026-10-09/prune-ezct-0.25.txt)
tier: gpu, 2093 resident slots, arena 58.8 GiB (6979 experts), file tier 0; load 33.9 s
ppl: 299 positions, mean NLL 2.46418, perplexity 11.7539
4938
4292
262
442
576
1852
16772
311
1968
decode 8/64 tokens | 9.23 tok/s   38789
320
20030
2506
458
43405
1817
4292
decode 16/64 tokens | 8.60 tok/s   262
1460
486
3215
27
14388
1014
1889
decode 24/64 tokens | 8.94 tok/s   4742
81
528
29
62206
15215
11
62206
decode 32/64 tokens | 9.04 tok/s   35460
11
62206
13130
280
262
51693
1014
decode 40/64 tokens | 8.85 tok/s   1889
4742
81
528
62206
60990
284
6827
decode 48/64 tokens | 8.90 tok/s   280
262
51693
1014
1889
4742
81
528
decode 56/64 tokens | 8.92 tok/s   62206
60990
13130
284
6827
280
262

prefill: 300 tokens in 33.22 s = 9.03 tok/s (decode-loop prefill)
decode : 64 tokens, 63 forward passes in 7.07 s = 8.91 tok/s
experts/token: hit 33.4% (prefetched-useful 38.7/token of 59.9 issued), cpu 43.2%, pcie 14.0%, file tier 251, skipped 31.3/token
tier moves: vram_lru swaps 0.00/pass (demoted 0), arena swaps 169 (admit rejects 0), file reads 21.61 ms/pass, file-tier skipped 568
decode ms/token: predict+prefetch 2.34, attention+router 13.88, experts 92.61, finish 2.43, head 0.49
tier ms/token: wall 92.59 (gpu hits 11.13, pcie 28.56, cpu pool 81.27)
VRAM free at the end: 0.38 GiB
