memguard: scope ds4-guard-403871 MemoryMax=84G swap=0 floor=4 GiB (avail 82 GiB)
ggml_cuda_init: found 1 CUDA devices (Total VRAM: 24080 MiB):
  Device 0: NVIDIA GeForce RTX 4090, compute capability 8.9, VMM: yes, VRAM: 24080 MiB
dense backend: CUDA0
glm5-next: 45 layers (34 KDA, 11 MLA), 288 experts top-8, vocab 154880; dense half loaded in 1.7 s
slots auto: 17.09 GiB free after the dense half -> 16.09 GiB of expert slots (margin 1.00 GiB)
prune: 3024 (layer, expert) pairs masked out of routing (bench/glm-2026-10-09/prune-ezct-0.25.txt)
tier: gpu, 2091 resident slots, arena 58.8 GiB (6981 experts), file tier 0; load 33.8 s
ppl: 299 positions, mean NLL 2.39473, perplexity 10.9652
prefill file-tier entries skipped: 4335
4938
4292
262
442
576
2409
4771
320
40358
decode 8/64 tokens | 9.82 tok/s   11577
3122
8
374
12902
3055
817
1618
decode 16/64 tokens | 9.84 tok/s   11
323
279
4147
374
68244
3941
13608
decode 24/64 tokens | 9.82 tok/s   624
262
51693
1014
1889
4742
81
528
decode 32/64 tokens | 9.88 tok/s   62206
36202
284
6827
280
262
1460
486
decode 40/64 tokens | 9.92 tok/s   3215
27
3962
29
19904
36202
26
338
decode 48/64 tokens | 9.92 tok/s   442
508
6408
921
262
1460
486
3215
decode 56/64 tokens | 9.96 tok/s   27
3962
29
19904
36202
13130
26

prefill: 300 tokens in 32.10 s = 9.35 tok/s (decode-loop prefill)
decode : 64 tokens, 63 forward passes in 6.32 s = 9.97 tok/s
experts/token: hit 34.1% (prefetched-useful 40.6/token of 59.7 issued), cpu 40.1%, pcie 21.5%, file tier 38, skipped 14.7/token
tier moves: vram_lru swaps 0.00/pass (demoted 0), arena swaps 30 (admit rejects 0), file reads 4.83 ms/pass, file-tier skipped 924
decode ms/token: predict+prefetch 2.26, attention+router 13.60, experts 81.51, finish 2.01, head 0.50
tier ms/token: wall 81.49 (gpu hits 11.77, pcie 41.33, cpu pool 72.55)
VRAM free at the end: 0.39 GiB
