memguard: scope ds4-guard-421406 MemoryMax=84G swap=0 floor=4 GiB (avail 80 GiB)
ggml_cuda_init: found 1 CUDA devices (Total VRAM: 24080 MiB):
  Device 0: NVIDIA GeForce RTX 4090, compute capability 8.9, VMM: yes, VRAM: 24080 MiB
dense backend: CUDA0
glm5-next: 45 layers (34 KDA, 11 MLA), 288 experts top-8, vocab 154880; dense half loaded in 2.0 s
slots auto: 17.08 GiB free after the dense half -> 16.08 GiB of expert slots (margin 1.00 GiB)
prune: 3024 (layer, expert) pairs masked out of routing (bench/glm-2026-10-09/prune-ezct-0.25.txt)
tier: gpu, 2091 resident slots, arena 58.8 GiB (6981 experts), file tier 0; load 33.8 s
ppl: 299 positions, mean NLL 2.37204, perplexity 10.7192
prefill file-tier entries skipped: 4308
4938
4292
262
442
576
1852
16772
311
279
decode 8/64 tokens | 10.06 tok/s   6248
38789
320
20030
1598
1283
279
9929
decode 16/64 tokens | 10.03 tok/s   11577
3122
38789
11
323
279
27298
315
decode 24/64 tokens | 9.97 tok/s   279
9929
198
262
442
26671
525
27442
decode 32/64 tokens | 9.79 tok/s   553
1221
568
576
6248
38789
315
705
decode 40/64 tokens | 9.76 tok/s   311
595
25229
45
11206
2506
458
43405
decode 48/64 tokens | 9.72 tok/s   1817
26
279
6248
38789
198
262
442
decode 56/64 tokens | 9.84 tok/s   315
279
9929
26671
4332
825
43405

prefill: 300 tokens in 31.21 s = 9.61 tok/s (decode-loop prefill)
decode : 64 tokens, 63 forward passes in 6.39 s = 9.86 tok/s
experts/token: hit 33.9% (prefetched-useful 40.4/token of 59.9 issued), cpu 27.9%, pcie 33.7%, file tier 73, skipped 15.4/token
tier moves: vram_lru swaps 0.00/pass (demoted 0), arena swaps 50 (admit rejects 0), file reads 7.69 ms/pass, file-tier skipped 968
decode ms/token: predict+prefetch 2.18, attention+router 13.42, experts 83.72, finish 1.19, head 0.49
tier ms/token: wall 83.70 (gpu hits 11.66, pcie 56.73, cpu pool 64.28)
VRAM free at the end: 0.39 GiB
