memguard: scope ds4-guard-437875 MemoryMax=84G swap=0 floor=4 GiB (avail 82 GiB)
ggml_cuda_init: found 1 CUDA devices (Total VRAM: 24080 MiB):
  Device 0: NVIDIA GeForce RTX 4090, compute capability 8.9, VMM: yes, VRAM: 24080 MiB
dense backend: CUDA0
glm5-next: 45 layers (34 KDA, 11 MLA), 288 experts top-8, vocab 154880; dense half loaded in 1.6 s
slots auto: 17.08 GiB free after the dense half -> 16.08 GiB of expert slots (margin 1.00 GiB)
prune: 3024 (layer, expert) pairs masked out of routing (bench/glm-2026-10-09/prune-ezct-0.25.txt)
tier: gpu, 2090 resident slots, arena 58.8 GiB (6982 experts), file tier 0; load 33.8 s
ppl: 299 positions, mean NLL 2.41799, perplexity 11.2232
prefill file-tier entries skipped: 4414
4938
4292
262
1460
486
3215
27
14388
1014
decode 8/64 tokens | 11.05 tok/s   1889
4742
81
528
29
62206
36202
11
decode 16/64 tokens | 11.14 tok/s   62206
36202
26729
280
262
1460
486
3215
decode 24/64 tokens | 11.13 tok/s   27
3962
29
19904
36202
11
19904
36202
decode 32/64 tokens | 11.05 tok/s   26729
280
262
1460
486
3215
27
3962
decode 40/64 tokens | 10.92 tok/s   29
19904
36202
6137
11
19904
36202
13130
decode 48/64 tokens | 10.92 tok/s   280
262
1460
486
3215
27
3962
29
decode 56/64 tokens | 10.84 tok/s   19904
36202
42735
280
262
1460
486

prefill: 300 tokens in 28.89 s = 10.39 tok/s (decode-loop prefill)
decode : 64 tokens, 63 forward passes in 5.82 s = 10.82 tok/s
experts/token: hit 33.1% (prefetched-useful 37.4/token of 59.9 issued), cpu 40.8%, pcie 13.5%, file tier 40, skipped 42.5/token
tier moves: vram_lru swaps 0.00/pass (demoted 0), arena swaps 27 (admit rejects 0), file reads 4.85 ms/pass, file-tier skipped 1092
decode ms/token: predict+prefetch 2.22, attention+router 13.43, experts 74.78, finish 1.25, head 0.49
tier ms/token: wall 74.76 (gpu hits 11.44, pcie 27.39, cpu pool 67.31)
VRAM free at the end: 0.40 GiB
