### c9-pcie0.35-dec 17:39:28
exit 0 17:40:42
tier: gpu, 2091 resident slots, arena 58.8 GiB (6981 experts), file tier 0; load 33.8 s
ppl: 299 positions, mean NLL 2.39473, perplexity 10.9652
prefill: 300 tokens in 32.10 s = 9.35 tok/s (decode-loop prefill)
decode : 64 tokens, 63 forward passes in 6.32 s = 9.97 tok/s
experts/token: hit 34.1% (prefetched-useful 40.6/token of 59.7 issued), cpu 40.1%, pcie 21.5%, file tier 38, skipped 14.7/token
tier moves: vram_lru swaps 0.00/pass (demoted 0), arena swaps 30 (admit rejects 0), file reads 4.83 ms/pass, file-tier skipped 924
decode ms/token: predict+prefetch 2.26, attention+router 13.60, experts 81.51, finish 2.01, head 0.50
tier ms/token: wall 81.49 (gpu hits 11.77, pcie 41.33, cpu pool 72.55)
### c9-pcie0.45-dec 17:40:42
exit 0 17:41:59
tier: gpu, 2091 resident slots, arena 58.8 GiB (6981 experts), file tier 0; load 33.8 s
ppl: 299 positions, mean NLL 2.38012, perplexity 10.8062
prefill: 300 tokens in 32.69 s = 9.18 tok/s (decode-loop prefill)
decode : 64 tokens, 63 forward passes in 6.90 s = 9.12 tok/s
experts/token: hit 34.1% (prefetched-useful 41.4/token of 59.9 issued), cpu 34.1%, pcie 27.5%, file tier 100, skipped 14.4/token
tier moves: vram_lru swaps 0.00/pass (demoted 0), arena swaps 70 (admit rejects 0), file reads 11.04 ms/pass, file-tier skipped 905
decode ms/token: predict+prefetch 2.33, attention+router 14.02, experts 90.03, finish 2.28, head 0.51
tier ms/token: wall 90.01 (gpu hits 11.65, pcie 51.76, cpu pool 77.01)
### c9-pcie0.55-dec 17:41:59
exit 0 17:43:13
tier: gpu, 2091 resident slots, arena 58.8 GiB (6981 experts), file tier 0; load 33.8 s
ppl: 299 positions, mean NLL 2.37204, perplexity 10.7192
prefill: 300 tokens in 31.21 s = 9.61 tok/s (decode-loop prefill)
decode : 64 tokens, 63 forward passes in 6.39 s = 9.86 tok/s
experts/token: hit 33.9% (prefetched-useful 40.4/token of 59.9 issued), cpu 27.9%, pcie 33.7%, file tier 73, skipped 15.4/token
tier moves: vram_lru swaps 0.00/pass (demoted 0), arena swaps 50 (admit rejects 0), file reads 7.69 ms/pass, file-tier skipped 968
decode ms/token: predict+prefetch 2.18, attention+router 13.42, experts 83.72, finish 1.19, head 0.49
tier ms/token: wall 83.70 (gpu hits 11.66, pcie 56.73, cpu pool 64.28)
### c9-pcie0.65-dec 17:43:13
exit 0 17:44:28
tier: gpu, 2091 resident slots, arena 58.8 GiB (6981 experts), file tier 0; load 33.1 s
ppl: 299 positions, mean NLL 2.42740, perplexity 11.3293
prefill: 300 tokens in 32.86 s = 9.13 tok/s (decode-loop prefill)
decode : 64 tokens, 63 forward passes in 6.90 s = 9.14 tok/s
experts/token: hit 34.3% (prefetched-useful 41.4/token of 59.9 issued), cpu 21.9%, pcie 39.8%, file tier 102, skipped 13.2/token
tier moves: vram_lru swaps 0.00/pass (demoted 0), arena swaps 71 (admit rejects 0), file reads 10.50 ms/pass, file-tier skipped 833
decode ms/token: predict+prefetch 2.34, attention+router 13.77, experts 90.52, finish 1.80, head 0.50
tier ms/token: wall 90.49 (gpu hits 11.44, pcie 65.40, cpu pool 59.09)
### c9-sm0.05-dec 17:44:28
exit 0 17:45:39
tier: gpu, 2090 resident slots, arena 58.8 GiB (6982 experts), file tier 0; load 33.8 s
ppl: 299 positions, mean NLL 2.41799, perplexity 11.2232
prefill: 300 tokens in 28.89 s = 10.39 tok/s (decode-loop prefill)
decode : 64 tokens, 63 forward passes in 5.82 s = 10.82 tok/s
experts/token: hit 33.1% (prefetched-useful 37.4/token of 59.9 issued), cpu 40.8%, pcie 13.5%, file tier 40, skipped 42.5/token
tier moves: vram_lru swaps 0.00/pass (demoted 0), arena swaps 27 (admit rejects 0), file reads 4.85 ms/pass, file-tier skipped 1092
decode ms/token: predict+prefetch 2.22, attention+router 13.43, experts 74.78, finish 1.25, head 0.49
tier ms/token: wall 74.76 (gpu hits 11.44, pcie 27.39, cpu pool 67.31)
=== chain9 done 17:45:39
