### c14-m55c1024 18:22:00
exit 0 18:23:08
tier: gpu, 1495 resident slots, arena 63.4 GiB (7580 experts), file tier 0; load 47.2 s
grow_cache: 1495 -> 1974 slots (+479, 0 from the file tier) in 151 ms
prefill file-tier entries skipped: 41304
prefill: 2000 tokens in 11.26 s = 177.65 tok/s (chunked)
prefill chunks of 1024: attention+router 955 ms, experts 9404 ms, finish 190 ms, head/ppl 15 ms
decode : 64 tokens, 63 forward passes in 6.43 s = 9.80 tok/s
experts/token: hit 32.3% (prefetched-useful 38.4/token of 59.9 issued), cpu 35.1%, pcie 18.7%, file tier 81, skipped 46.8/token
tier moves: vram_lru swaps 0.00/pass (demoted 0), arena swaps 69 (admit rejects 0), file reads 9.04 ms/pass, file-tier skipped 1141
decode ms/token: predict+prefetch 2.49, attention+router 16.89, experts 78.84, finish 2.71, head 0.50
### c14-m8c2048 18:23:08
exit 0 18:24:24
tier: gpu, 1145 resident slots, arena 66.1 GiB (7930 experts), file tier 0; load 55.9 s
grow_cache: 1145 -> 1909 slots (+764, 0 from the file tier) in 241 ms
prefill file-tier entries skipped: 40919
prefill: 2000 tokens in 9.18 s = 217.85 tok/s (chunked)
prefill chunks of 2048: attention+router 1037 ms, experts 7113 ms, finish 193 ms, head/ppl 17 ms
decode : 64 tokens, 63 forward passes in 6.42 s = 9.82 tok/s
experts/token: hit 31.8% (prefetched-useful 38.8/token of 59.9 issued), cpu 35.4%, pcie 18.9%, file tier 57, skipped 46.9/token
tier moves: vram_lru swaps 0.00/pass (demoted 0), arena swaps 49 (admit rejects 0), file reads 7.11 ms/pass, file-tier skipped 1176
decode ms/token: predict+prefetch 2.43, attention+router 17.80, experts 78.56, finish 1.99, head 0.49
=== chain14 done 18:24:24
