--- ctx 307200 17:13:40 ---
exit 0
decode : 600 tokens, 599 forward passes in 34.31 s = 17.46 tok/s
[526 ids] HEAD: 'The user wants a Python function that checks whether string is a palindrome, ignoring case punctuation. Let me think through this.\n\n**Understanding the problem:**\n palindrome is a string that reads the forwards and backwards. The user wants check whether a string is a palindrome ignoring case and punctuation. This is classic problem, often phrased "Valid Palindrome" (Le 125 style): "A phrase is a palindrome if it reads the after removing spaces, punctuation..." —, actually the "ignoring case punctuation" phrasing suggests the typical problem where you strip out non-al characters and compare against the reversed version**What the function should do:1. Take a string as input2. Normalize case ('
  TAIL: 'clamation marks)\n Presumably spaces? The problem statement says "unctuation" — spaces are not punctuation But typically in these problems, we spaces too. Let me consider:A man, a plan, a: Panama" sort of thing — classic example. The typical solution:\n\npython\ndef is_palindrome(s    s = s.lower()\n    = \'\'.join(ch for ch in if ch.isalnum())\n    return == filtered[::-1]\n```\n\n, but that ignores spaces too.. Let me think about whether the wants spaces ignored. The phrase "oring case and punctuation" —'
--- ctx 524288 17:16:53 ---
